
[1m[7m[36m RUN [39m[27m[22m [36mv2.1.9 [39m[90mC:/Users/press/ORION-AI/apps/functions[39m

 [31m???[39m src/trpc/routers/rag.test.ts [2m([22m[2m8 tests[22m[2m | [22m[31m3 failed[39m[2m)[22m[90m 30[2mms[22m[39m
[31m   [31m??[31m ragRouter[2m > [22mchat[2m > [22mcalls the RAG pipeline in the correct order[90m 11[2mms[22m[31m[39m
[31m     ??? expected "spy" to be called with arguments: [ [ 0.1, 0.2, 0.3 ] ][90m

Received: 

[1m  1st spy call:

[22m[2m  Array [[22m
[2m    Array [[22m
[2m      0.1,[22m
[2m      0.2,[22m
[2m      0.3,[22m
[2m    ],[22m
[31m+   3,[90m
[2m  ][22m
[31m[90m

Number of calls: [1m1[22m
[31m[39m
[31m   [31m??[31m ragRouter[2m > [22mingest[2m > [22mreturns success and a docId for a valid URL[90m 5[2mms[22m[31m[39m
[31m     ??? Authentication required[39m
[31m   [31m??[31m ragRouter[2m > [22mingest[2m > [22maccepts a valid GCS URI with sourceType gcs[90m 4[2mms[22m[31m[39m
[31m     ??? Authentication required[39m

node.exe : [31m??????
???????????????[1m[7
m Failed Tests 3 [27m
[22m?????????????????
????[39m
At line:1 char:1
+ & "C:\nvm4w\nodejs/n
ode.exe" "C:\nvm4w\nod
ejs/node_modules/npm/b
in/np ...
+ ~~~~~~~~~~~~~~~~~~~~
~~~~~~~~~~~~~~~~~~~~~~
~~~~~~~~~~~~~~~~~~~~~~
~~~~~
    + CategoryInfo    
          : NotSpeci  
  fied: ([31m?????   
 ?????...?????????    
?[39m:String) []    
, RemoteException
    + FullyQualifiedE 
   rrorId : NativeCo  
  mmandError
 

[31m[1m[7m FAIL 
[27m[22m[39m src/tr
pc/routers/rag.test.ts
[2m > 
[22mragRouter[2m > 
[22mchat[2m > 
[22mcalls the RAG 
pipeline in the 
correct order
[31m[1mAssertionErro
r[22m: expected 
"spy" to be called 
with arguments: [ [ 
0.1, 0.2, 0.3 ] ][90m

Received: 

[1m  1st spy call:

[22m[2m  Array 
[[22m
[2m    Array [[22m
[2m      0.1,[22m
[2m      0.2,[22m
[2m      0.3,[22m
[2m    ],[22m
[31m+   3,[90m
[2m  ][22m
[31m[90m

Number of calls: 
[1m1[22m
[31m[39m
[36m [2m???[22m src
/trpc/routers/rag.test
.ts:[2m53:31[22m[39
m
    [90m 51| [39m
    [90m 52| [39m   
   [34mexpect[39m(ge
tQueryEmbedding)[33m.
[39m[34mtoHaveBeenCa
lledWith[39m([32m'Te
ll me about Ve[39m???
    [90m 53| [39m   
   [34mexpect[39m(re
trieveContext)[33m.[
39m[34mtoHaveBeenCall
edWith[39m([[34m0.1
[39m[33m,[39m [34m0
.2[39m[33m,[39m 
[34m0.3[39m])
    [90m   | [39m   
                      
     [31m^[39m
    [90m 54| [39m   
   [34mexpect[39m(ge
nerateGroundedResponse
)[33m.[39m[34mtoHav
eBeenCalled[39m()
    [90m 55| [39m   
 })

[31m[2m?????????????
??????????????????????
??????????????????????
???????????????[1/3]??
?[22m[39m

[31m[1m[7m FAIL 
[27m[22m[39m src/tr
pc/routers/rag.test.ts
[2m > 
[22mragRouter[2m > 
[22mingest[2m > 
[22mreturns success 
and a docId for a 
valid URL
[31m[1mTRPCError[22
m: Authentication 
required[39m
[36m [2m???[22m src
/trpc/trpc.ts:[2m20:1
1[22m[39m
    [90m 18| 
[39m[35mconst[39m 
isAuthed [33m=[39m t
[33m.[39m[34mmiddle
ware[39m(({ 
ctx[33m,[39m next 
}) [33m=>[39m {
    [90m 19| [39m  
[35mif[39m ([33m![
39mctx[33m.[39muid) 
{
    [90m 20| [39m   
 [35mthrow[39m 
[35mnew[39m 
[33mTRPCError[39m({ 
code[33m:[39m [32m'
UNAUTHORIZED'[39m[33
m,[39m 
message[33m:[39m [3
2m'Authenticati[39m??
?
    [90m   | [39m   
       [31m^[39m
    [90m 21| [39m  }
    [90m 22| [39m  
[35mreturn[39m 
[34mnext[39m({ 
ctx[33m:[39m { 
uid[33m:[39m 
ctx[33m.[39muid } })
[90m [2m???[22m 
callRecursive ../../no
de_modules/.pnpm/@trpc
+server@11.8.1_typescr
ipt@5.5.4/node_modules
/@trpc/server/src/unst
able-core-do-not-impor
t/procedureBuilder.ts:
[2m633:26[22m[39m
[90m [2m???[22m 
procedure ../../node_m
odules/.pnpm/@trpc+ser
ver@11.8.1_typescript@
5.5.4/node_modules/@tr
pc/server/src/unstable
-core-do-not-import/pr
ocedureBuilder.ts:[2m
673:26[22m[39m
[90m [2m???[22m ../
../node_modules/.pnpm/
@trpc+server@11.8.1_ty
pescript@5.5.4/node_mo
dules/@trpc/server/src
/unstable-core-do-not-
import/router.ts:[2m4
74:26[22m[39m
[90m [2m???[22m src
/trpc/routers/rag.test
.ts:[2m68:22[22m[39
m

[31m[2m?????????????
??????????????????????
??????????????????????
???????????????[2/3]??
?[22m[39m

[31m[1m[7m FAIL 
[27m[22m[39m src/tr
pc/routers/rag.test.ts
[2m > 
[22mragRouter[2m > 
[22mingest[2m > 
[22maccepts a valid 
GCS URI with 
sourceType gcs
[31m[1mTRPCError[22
m: Authentication 
required[39m
[36m [2m???[22m src
/trpc/trpc.ts:[2m20:1
1[22m[39m
    [90m 18| 
[39m[35mconst[39m 
isAuthed [33m=[39m t
[33m.[39m[34mmiddle
ware[39m(({ 
ctx[33m,[39m next 
}) [33m=>[39m {
    [90m 19| [39m  
[35mif[39m ([33m![
39mctx[33m.[39muid) 
{
    [90m 20| [39m   
 [35mthrow[39m 
[35mnew[39m 
[33mTRPCError[39m({ 
code[33m:[39m [32m'
UNAUTHORIZED'[39m[33
m,[39m 
message[33m:[39m [3
2m'Authenticati[39m??
?
    [90m   | [39m   
       [31m^[39m
    [90m 21| [39m  }
    [90m 22| [39m  
[35mreturn[39m 
[34mnext[39m({ 
ctx[33m:[39m { 
uid[33m:[39m 
ctx[33m.[39muid } })
[2m Test Files [22m [1m[31m1 failed[39m[22m[90m (1)[39m
[90m [2m???[22m 
callRecursive ../../no
de_modules/.pnpm/@trpc
+server@11.8.1_typescr
ipt@5.5.4/node_modules
/@trpc/server/src/unst
able-core-do-not-impor
t/procedureBuilder.ts:
[2m633:26[22m[39m
[90m [2m???[22m 
procedure ../../node_m
odules/.pnpm/@trpc+ser
ver@11.8.1_typescript@
5.5.4/node_modules/@tr
pc/server/src/unstable
-core-do-not-import/pr
ocedureBuilder.ts:[2m
673:26[22m[39m
[90m [2m???[22m ../
../node_modules/.pnpm/
@trpc+server@11.8.1_ty
pescript@5.5.4/node_mo
dules/@trpc/server/src
/unstable-core-do-not-
import/router.ts:[2m4
74:26[22m[39m
[90m [2m???[22m src
/trpc/routers/rag.test
.ts:[2m79:22[22m[39
m

[31m[2m?????????????
??????????????????????
??????????????????????
???????????????[3/3]??
?[22m[39m

[2m      Tests [22m [1m[31m3 failed[39m[22m[2m | [22m[1m[32m5 passed[39m[22m[90m (8)[39m
[2m   Start at [22m 22:12:07
[2m   Duration [22m 918ms[2m (transform 122ms, setup 0ms, collect 274ms, tests 30ms, environment 0ms, prepare 204ms)[22m

